../Core/Src/main.c:90:6:UART_Log	1
../Core/Src/main.c:97:6:Update_History	1
../Core/Src/main.c:117:5:main	23
../Core/Src/main.c:551:6:SystemClock_Config	4
../Core/Src/main.c:608:13:MX_ADC3_Init	5
../Core/Src/main.c:677:13:MX_I2C3_Init	4
../Core/Src/main.c:725:13:MX_RTC_Init	5
../Core/Src/main.c:795:13:MX_USART1_UART_Init	2
../Core/Src/main.c:830:13:MX_USART2_UART_Init	2
../Core/Src/main.c:865:13:MX_GPIO_Init	1
../Core/Src/main.c:924:6:HAL_GPIO_EXTI_Callback	9
../Core/Src/main.c:985:6:Error_Handler	1
