../Core/Src/main.c:90:6:UART_Log	16	static
../Core/Src/main.c:97:6:Update_History	24	static
../Core/Src/main.c:117:5:main	240	static
../Core/Src/main.c:551:6:SystemClock_Config	160	static
../Core/Src/main.c:608:13:MX_ADC3_Init	48	static
../Core/Src/main.c:677:13:MX_I2C3_Init	8	static
../Core/Src/main.c:725:13:MX_RTC_Init	32	static
../Core/Src/main.c:795:13:MX_USART1_UART_Init	8	static
../Core/Src/main.c:830:13:MX_USART2_UART_Init	8	static
../Core/Src/main.c:865:13:MX_GPIO_Init	48	static
../Core/Src/main.c:924:6:HAL_GPIO_EXTI_Callback	24	static
../Core/Src/main.c:985:6:Error_Handler	4	static,ignoring_inline_asm
