../Core/Src/sh1107.c:111:6:sh1107_WriteCommand	32	static
../Core/Src/sh1107.c:115:19:sh1107_Sleep	24	static
../Core/Src/sh1107.c:120:19:sh1107_Wakeup	24	static
../Core/Src/sh1107.c:128:9:sh1107_Init	8	static
../Core/Src/sh1107.c:196:6:sh1107_SetBrightness	16	static
../Core/Src/sh1107.c:206:6:sh1107_Fill	16	static
../Core/Src/sh1107.c:215:6:sh1107_DrawPixel	16	static
../Core/Src/sh1107.c:228:6:SH1107_DrawVerticalLine	32	static
../Core/Src/sh1107.c:253:6:sh1107_DrawGiantDigit	48	static
../Core/Src/sh1107.c:273:6:sh1107_DrawGiantChar	40	static
../Core/Src/sh1107.c:291:6:sh1107_DisplayCustomData	40	static
../Core/Src/sh1107.c:309:6:sh1107_DisplayCustomData_1	40	static
../Core/Src/sh1107.c:327:6:sh1107_DisplayCustomData_2	40	static
../Core/Src/sh1107.c:346:6:sh1107_DisplayFirstScreen	24	static
../Core/Src/sh1107.c:368:6:sh1107_DisplayCallibrationScreen	24	static
../Core/Src/sh1107.c:386:6:sh1107_DrawProgressBar	48	static
../Core/Src/sh1107.c:498:6:sh1107_DisplayVoltage	40	static
../Core/Src/sh1107.c:523:6:sh1107_UpdateScreen	32	static
../Core/Src/sh1107.c:539:6:sh1107_EndDisplay	24	static
